[boot_Bl3] frozen                 0s {'checked': 78, 'skipped': 3}
[boot_Bl3] repo                   0s {'commit': '1d452c174268', 'canon': 'draft3-r5-2026-09-26', 'canon_sha16': '33E543663FE37A5F', 'out': '/content/op4b-Bl3/main-20260926T111238Z'}
[boot_Bl3] versions               0s {'versions': {'numpy': '2.1.3', 'scipy': '1.16.3', 'torch': '2.11.0+cu128', 'transformers': '4.57.3', 'torchvision': '0.26.0+cu128', 'torchaudio': '2.11.0+cu128', 'tokenizers': '0.22.2', 'huggingface_hub': '0.36.2', 'accelerate': '1.14.0', 'safetensors': '0.8.0'}, 'gpu': 'NVIDIA L4'}
[boot_Bl3] weights               70s {'snapshot': 'cdbee75f17c01a7cc42f958dc650907174af0554', 'checked': 6}
[boot_Bl3] directions            70s {'npz_sha256': 'E660707BCD5E9C3D', 'groups': {'named': '69C1864181E70F20', 'B_random': 'D8FB3A5967660C5F', 'iso': '693B555622F88F50', 'real': 'AA61FED01B9B7F2D', 'check': 'EF11D73BE144C29D'}, 'n': 2035}
[boot_Bl3] model                 79s {'dry': False, 'layers': 36, 'layer_idx': 17, 'coef': 2.0, 'dtype': 'torch.bfloat16', 'device': 'cuda'}
[boot_Bl3] cells                 79s {'main': 8, 'gate_only': 1}
[boot_Bl3] part                  79s {'part': 'main'}
[bl3_run] 升目と符号 N1|O-Ncold|-1（1/17）・251 秒
[bl3_run] 升目と符号 N1|O-Ncold|+1（2/17）・502 秒
[bl3_run] 升目と符号 N1|Onull|+1（3/17）・753 秒
[bl3_run] 升目と符号 S1|O-Ncold|-1（4/17）・1063 秒
[bl3_run] 升目と符号 S1|O-Ncold|+1（5/17）・1374 秒
[bl3_run] 升目と符号 S1|Onull|+1（6/17）・1681 秒
[bl3_run] 升目と符号 S4|O-Ncold|-1（7/17）・1996 秒
[bl3_run] 升目と符号 S4|O-Ncold|+1（8/17）・2310 秒
[bl3_run] 升目と符号 S4|Onull|+1（9/17）・2622 秒
[bl3_run] 升目と符号 SK|O-Ncold|-1（10/17）・2936 秒
[bl3_run] 升目と符号 SK|O-Ncold|+1（11/17）・3251 秒
[bl3_run] 升目と符号 N1|Onull|-1（14/17）・3254 秒
[bl3_run] 升目と符号 S1|Onull|-1（15/17）・3259 秒
[bl3_run] 升目と符号 S4|Onull|-1（16/17）・3263 秒
[boot_Bl3] main_head           3343s {'logit_max_abs': 0.0859527587890625, 'shortcut': False, 'layer_diff': 0.0, 'cell_signs': 14}
[boot_Bl3] packaged            3343s {'tag': 'part-main', 'zip': 'main-20260926T111238Z-part-main.zip', 'sha256': '556147D338CABB10B75135218F5AEC1952EF2D49FB4CB84ADF4D320CD9322DFE'}
