[boot_Bl3] frozen                 0s {'checked': 78, 'skipped': 3}
[boot_Bl3] repo                   0s {'commit': '1d452c174268', 'canon': 'draft3-r5-2026-09-26', 'canon_sha16': '33E543663FE37A5F', 'out': '/content/op4b-Bl3/main-20260926T132204Z'}
[boot_Bl3] versions               0s {'versions': {'numpy': '2.1.3', 'scipy': '1.16.3', 'torch': '2.11.0+cu128', 'transformers': '4.57.3', 'torchvision': '0.26.0+cu128', 'torchaudio': '2.11.0+cu128', 'tokenizers': '0.22.2', 'huggingface_hub': '0.36.2', 'accelerate': '1.14.0', 'safetensors': '0.8.0'}, 'gpu': 'NVIDIA L4'}
[boot_Bl3] weights               24s {'snapshot': 'cdbee75f17c01a7cc42f958dc650907174af0554', 'checked': 6}
[boot_Bl3] directions            24s {'npz_sha256': 'E660707BCD5E9C3D', 'groups': {'named': '69C1864181E70F20', 'B_random': 'D8FB3A5967660C5F', 'iso': '693B555622F88F50', 'real': 'AA61FED01B9B7F2D', 'check': 'EF11D73BE144C29D'}, 'n': 2035}
[boot_Bl3] model                 27s {'dry': False, 'layers': 36, 'layer_idx': 17, 'coef': 2.0, 'dtype': 'torch.bfloat16', 'device': 'cuda'}
[boot_Bl3] cells                 27s {'main': 8, 'gate_only': 1}
[boot_Bl3] part                  27s {'part': 'secondary'}
[bl3_run] 乙 S4|Osec-Ncold|json stageB__S4__Osec-Ncold__s1__Osec-Ncold__0000（1/180）・0 秒
[bl3_run] 乙 S4|Osec-Ncold|json stageB__S4__Osec-Ncold__s1__Osec-Ncold__0001（2/180）・1 秒
[bl3_run] 乙 S4|Osec-Ncold|json stageB__S4__Osec-Ncold__s1__Osec-Ncold__0002（3/180）・1 秒
[bl3_run] 乙 S4|Osec-Ncold|json stageB__S4__Osec-Ncold__s1__Osec-Ncold__0003（4/180）・2 秒
[bl3_run] 乙 S4|Osec-Ncold|json stageB__S4__Osec-Ncold__s1__Osec-Ncold__0004（5/180）・2 秒
[bl3_run] 乙 S4|Osec-Ncold|json stageB__S4__Osec-Ncold__s1__Osec-Ncold__0005（6/180）・3 秒
[bl3_run] 乙 S4|Osec-Ncold|json stageB__S4__Osec-Ncold__s1__Osec-Ncold__0006（7/180）・4 秒
[bl3_run] 乙 S4|Osec-Ncold|json stageB__S4__Osec-Ncold__s1__Osec-Ncold__0007（8/180）・4 秒
[bl3_run] 乙 S4|Osec-Ncold|json stageB__S4__Osec-Ncold__s1__Osec-Ncold__0008（9/180）・5 秒
[bl3_run] 乙 S4|Osec-Ncold|json stageB__S4__Osec-Ncold__s1__Osec-Ncold__0009（10/180）・6 秒
[bl3_run] 乙 S4|Osec-Ncold|json stageB__S4__Osec-Ncold__s1__Osec-Ncold__0010（11/180）・6 秒
[bl3_run] 乙 S4|Osec-Ncold|json stageB__S4__Osec-Ncold__s1__Osec-Ncold__0011（12/180）・7 秒
[bl3_run] 乙 S4|Osec-Ncold|json stageB__S4__Osec-Ncold__s1__Osec-Ncold__0012（13/180）・7 秒
[bl3_run] 乙 S4|Osec-Ncold|json stageB__S4__Osec-Ncold__s1__Osec-Ncold__0013（14/180）・8 秒
[bl3_run] 乙 S4|Osec-Ncold|json stageB__S4__Osec-Ncold__s1__Osec-Ncold__0014（15/180）・9 秒
[bl3_run] 乙 S4|Osec-Ncold|json stageB__S4__Osec-Ncold__s1__Osec-Ncold__0015（16/180）・9 秒
[bl3_run] 乙 S4|Osec-Ncold|json stageB__S4__Osec-Ncold__s1__Osec-Ncold__0016（17/180）・10 秒
[bl3_run] 乙 S4|Osec-Ncold|json stageB__S4__Osec-Ncold__s1__Osec-Ncold__0017（18/180）・11 秒
[bl3_run] 乙 S4|Osec-Ncold|json stageB__S4__Osec-Ncold__s1__Osec-Ncold__0019（19/180）・11 秒
[bl3_run] 乙 S4|Osec-Ncold|json stageB__S4__Osec-Ncold__s1__Osec-Ncold__0020（20/180）・12 秒
[bl3_run] 乙 N1|Onull|prose stageB__N1__Onull__s1__Onull__0000（21/180）・12 秒
[bl3_run] 乙 N1|Onull|prose stageB__N1__Onull__s1__Onull__0001（22/180）・14 秒
[bl3_run] 乙 N1|Onull|prose stageB__N1__Onull__s1__Onull__0002（23/180）・15 秒
[bl3_run] 乙 N1|Onull|prose stageB__N1__Onull__s1__Onull__0003（24/180）・17 秒
[bl3_run] 乙 N1|Onull|prose stageB__N1__Onull__s1__Onull__0004（25/180）・19 秒
[bl3_run] 乙 N1|Onull|prose stageB__N1__Onull__s1__Onull__0005（26/180）・20 秒
[bl3_run] 乙 N1|Onull|prose stageB__N1__Onull__s1__Onull__0006（27/180）・22 秒
[bl3_run] 乙 N1|Onull|prose stageB__N1__Onull__s1__Onull__0007（28/180）・24 秒
[bl3_run] 乙 N1|Onull|prose stageB__N1__Onull__s1__Onull__0008（29/180）・26 秒
[bl3_run] 乙 N1|Onull|prose stageB__N1__Onull__s1__Onull__0009（30/180）・27 秒
[bl3_run] 乙 N1|Onull|prose stageB__N1__Onull__s1__Onull__0010（31/180）・29 秒
[bl3_run] 乙 N1|Onull|prose stageB__N1__Onull__s1__Onull__0011（32/180）・31 秒
[bl3_run] 乙 N1|Onull|prose stageB__N1__Onull__s1__Onull__0012（33/180）・33 秒
[bl3_run] 乙 N1|Onull|prose stageB__N1__Onull__s1__Onull__0013（34/180）・34 秒
[bl3_run] 乙 N1|Onull|prose stageB__N1__Onull__s1__Onull__0014（35/180）・36 秒
[bl3_run] 乙 N1|Onull|prose stageB__N1__Onull__s1__Onull__0015（36/180）・37 秒
[bl3_run] 乙 N1|Onull|prose stageB__N1__Onull__s1__Onull__0016（37/180）・38 秒
[bl3_run] 乙 N1|Onull|prose stageB__N1__Onull__s1__Onull__0017（38/180）・40 秒
[bl3_run] 乙 N1|Onull|prose stageB__N1__Onull__s1__Onull__0018（39/180）・41 秒
[bl3_run] 乙 N1|Onull|prose stageB__N1__Onull__s1__Onull__0019（40/180）・43 秒
[bl3_run] 乙 N1|O-Ncold|prose stageB__N1__O-Ncold__s1__O-Ncold__0000（41/180）・44 秒
[bl3_run] 乙 N1|O-Ncold|prose stageB__N1__O-Ncold__s1__O-Ncold__0001（42/180）・47 秒
[bl3_run] 乙 N1|O-Ncold|prose stageB__N1__O-Ncold__s1__O-Ncold__0002（43/180）・50 秒
[bl3_run] 乙 N1|O-Ncold|prose stageB__N1__O-Ncold__s1__O-Ncold__0003（44/180）・53 秒
[bl3_run] 乙 N1|O-Ncold|prose stageB__N1__O-Ncold__s1__O-Ncold__0004（45/180）・56 秒
[bl3_run] 乙 N1|O-Ncold|prose stageB__N1__O-Ncold__s1__O-Ncold__0005（46/180）・58 秒
[bl3_run] 乙 N1|O-Ncold|prose stageB__N1__O-Ncold__s1__O-Ncold__0006（47/180）・61 秒
[bl3_run] 乙 N1|O-Ncold|prose stageB__N1__O-Ncold__s1__O-Ncold__0007（48/180）・64 秒
[bl3_run] 乙 N1|O-Ncold|prose stageB__N1__O-Ncold__s1__O-Ncold__0008（49/180）・67 秒
[bl3_run] 乙 N1|O-Ncold|prose stageB__N1__O-Ncold__s1__O-Ncold__0009（50/180）・70 秒
[bl3_run] 乙 N1|O-Ncold|prose stageB__N1__O-Ncold__s1__O-Ncold__0010（51/180）・73 秒
[bl3_run] 乙 N1|O-Ncold|prose stageB__N1__O-Ncold__s1__O-Ncold__0011（52/180）・76 秒
[bl3_run] 乙 N1|O-Ncold|prose stageB__N1__O-Ncold__s1__O-Ncold__0012（53/180）・78 秒
[bl3_run] 乙 N1|O-Ncold|prose stageB__N1__O-Ncold__s1__O-Ncold__0013（54/180）・81 秒
[bl3_run] 乙 N1|O-Ncold|prose stageB__N1__O-Ncold__s1__O-Ncold__0014（55/180）・84 秒
[bl3_run] 乙 N1|O-Ncold|prose stageB__N1__O-Ncold__s1__O-Ncold__0015（56/180）・86 秒
[bl3_run] 乙 N1|O-Ncold|prose stageB__N1__O-Ncold__s1__O-Ncold__0016（57/180）・89 秒
[bl3_run] 乙 N1|O-Ncold|prose stageB__N1__O-Ncold__s1__O-Ncold__0017（58/180）・92 秒
[bl3_run] 乙 N1|O-Ncold|prose stageB__N1__O-Ncold__s1__O-Ncold__0018（59/180）・94 秒
[bl3_run] 乙 N1|O-Ncold|prose stageB__N1__O-Ncold__s1__O-Ncold__0019（60/180）・98 秒
[bl3_run] 乙 S1|Onull|prose stageB__S1__Onull__s1__Onull__0000（61/180）・100 秒
[bl3_run] 乙 S1|Onull|prose stageB__S1__Onull__s1__Onull__0001（62/180）・102 秒
[bl3_run] 乙 S1|Onull|prose stageB__S1__Onull__s1__Onull__0002（63/180）・103 秒
[bl3_run] 乙 S1|Onull|prose stageB__S1__Onull__s1__Onull__0003（64/180）・105 秒
[bl3_run] 乙 S1|Onull|prose stageB__S1__Onull__s1__Onull__0004（65/180）・106 秒
[bl3_run] 乙 S1|Onull|prose stageB__S1__Onull__s1__Onull__0005（66/180）・108 秒
[bl3_run] 乙 S1|Onull|prose stageB__S1__Onull__s1__Onull__0006（67/180）・109 秒
[bl3_run] 乙 S1|Onull|prose stageB__S1__Onull__s1__Onull__0007（68/180）・111 秒
[bl3_run] 乙 S1|Onull|prose stageB__S1__Onull__s1__Onull__0008（69/180）・113 秒
[bl3_run] 乙 S1|Onull|prose stageB__S1__Onull__s1__Onull__0009（70/180）・114 秒
[bl3_run] 乙 S1|Onull|prose stageB__S1__Onull__s1__Onull__0010（71/180）・116 秒
[bl3_run] 乙 S1|Onull|prose stageB__S1__Onull__s1__Onull__0011（72/180）・117 秒
[bl3_run] 乙 S1|Onull|prose stageB__S1__Onull__s1__Onull__0012（73/180）・119 秒
[bl3_run] 乙 S1|Onull|prose stageB__S1__Onull__s1__Onull__0013（74/180）・120 秒
[bl3_run] 乙 S1|Onull|prose stageB__S1__Onull__s1__Onull__0014（75/180）・122 秒
[bl3_run] 乙 S1|Onull|prose stageB__S1__Onull__s1__Onull__0015（76/180）・123 秒
[bl3_run] 乙 S1|Onull|prose stageB__S1__Onull__s1__Onull__0016（77/180）・125 秒
[bl3_run] 乙 S1|Onull|prose stageB__S1__Onull__s1__Onull__0017（78/180）・126 秒
[bl3_run] 乙 S1|Onull|prose stageB__S1__Onull__s1__Onull__0018（79/180）・128 秒
[bl3_run] 乙 S1|Onull|prose stageB__S1__Onull__s1__Onull__0019（80/180）・129 秒
[bl3_run] 乙 S1|O-Ncold|prose stageB__S1__O-Ncold__s1__O-Ncold__0000（81/180）・131 秒
[bl3_run] 乙 S1|O-Ncold|prose stageB__S1__O-Ncold__s1__O-Ncold__0001（82/180）・134 秒
[bl3_run] 乙 S1|O-Ncold|prose stageB__S1__O-Ncold__s1__O-Ncold__0002（83/180）・138 秒
[bl3_run] 乙 S1|O-Ncold|prose stageB__S1__O-Ncold__s1__O-Ncold__0003（84/180）・143 秒
[bl3_run] 乙 S1|O-Ncold|prose stageB__S1__O-Ncold__s1__O-Ncold__0004（85/180）・146 秒
[bl3_run] 乙 S1|O-Ncold|prose stageB__S1__O-Ncold__s1__O-Ncold__0005（86/180）・150 秒
[bl3_run] 乙 S1|O-Ncold|prose stageB__S1__O-Ncold__s1__O-Ncold__0006（87/180）・157 秒
[bl3_run] 乙 S1|O-Ncold|prose stageB__S1__O-Ncold__s1__O-Ncold__0007（88/180）・160 秒
[bl3_run] 乙 S1|O-Ncold|prose stageB__S1__O-Ncold__s1__O-Ncold__0008（89/180）・162 秒
[bl3_run] 乙 S1|O-Ncold|prose stageB__S1__O-Ncold__s1__O-Ncold__0009（90/180）・166 秒
[bl3_run] 乙 S1|O-Ncold|prose stageB__S1__O-Ncold__s1__O-Ncold__0010（91/180）・168 秒
[bl3_run] 乙 S1|O-Ncold|prose stageB__S1__O-Ncold__s1__O-Ncold__0011（92/180）・172 秒
[bl3_run] 乙 S1|O-Ncold|prose stageB__S1__O-Ncold__s1__O-Ncold__0012（93/180）・175 秒
[bl3_run] 乙 S1|O-Ncold|prose stageB__S1__O-Ncold__s1__O-Ncold__0013（94/180）・177 秒
[bl3_run] 乙 S1|O-Ncold|prose stageB__S1__O-Ncold__s1__O-Ncold__0014（95/180）・180 秒
[bl3_run] 乙 S1|O-Ncold|prose stageB__S1__O-Ncold__s1__O-Ncold__0015（96/180）・183 秒
[bl3_run] 乙 S1|O-Ncold|prose stageB__S1__O-Ncold__s1__O-Ncold__0016（97/180）・186 秒
[bl3_run] 乙 S1|O-Ncold|prose stageB__S1__O-Ncold__s1__O-Ncold__0017（98/180）・189 秒
[bl3_run] 乙 S1|O-Ncold|prose stageB__S1__O-Ncold__s1__O-Ncold__0018（99/180）・192 秒
[bl3_run] 乙 S1|O-Ncold|prose stageB__S1__O-Ncold__s1__O-Ncold__0019（100/180）・195 秒
[bl3_run] 乙 SK|Onull|prose stageB__SK__Onull__s1__Onull__0000（101/180）・199 秒
[bl3_run] 乙 SK|Onull|prose stageB__SK__Onull__s1__Onull__0001（102/180）・200 秒
[bl3_run] 乙 SK|Onull|prose stageB__SK__Onull__s1__Onull__0002（103/180）・202 秒
[bl3_run] 乙 SK|Onull|prose stageB__SK__Onull__s1__Onull__0003（104/180）・204 秒
[bl3_run] 乙 SK|Onull|prose stageB__SK__Onull__s1__Onull__0004（105/180）・206 秒
[bl3_run] 乙 SK|Onull|prose stageB__SK__Onull__s1__Onull__0005（106/180）・207 秒
[bl3_run] 乙 SK|Onull|prose stageB__SK__Onull__s1__Onull__0006（107/180）・209 秒
[bl3_run] 乙 SK|Onull|prose stageB__SK__Onull__s1__Onull__0007（108/180）・210 秒
[bl3_run] 乙 SK|Onull|prose stageB__SK__Onull__s1__Onull__0008（109/180）・212 秒
[bl3_run] 乙 SK|Onull|prose stageB__SK__Onull__s1__Onull__0009（110/180）・213 秒
[bl3_run] 乙 SK|Onull|prose stageB__SK__Onull__s1__Onull__0010（111/180）・215 秒
[bl3_run] 乙 SK|Onull|prose stageB__SK__Onull__s1__Onull__0011（112/180）・216 秒
[bl3_run] 乙 SK|Onull|prose stageB__SK__Onull__s1__Onull__0012（113/180）・218 秒
[bl3_run] 乙 SK|Onull|prose stageB__SK__Onull__s1__Onull__0013（114/180）・222 秒
[bl3_run] 乙 SK|Onull|prose stageB__SK__Onull__s1__Onull__0014（115/180）・223 秒
[bl3_run] 乙 SK|Onull|prose stageB__SK__Onull__s1__Onull__0015（116/180）・225 秒
[bl3_run] 乙 SK|Onull|prose stageB__SK__Onull__s1__Onull__0016（117/180）・226 秒
[bl3_run] 乙 SK|Onull|prose stageB__SK__Onull__s1__Onull__0017（118/180）・228 秒
[bl3_run] 乙 SK|Onull|prose stageB__SK__Onull__s1__Onull__0018（119/180）・229 秒
[bl3_run] 乙 SK|Onull|prose stageB__SK__Onull__s1__Onull__0019（120/180）・231 秒
[bl3_run] 乙 SK|O-Ncold|prose stageB__SK__O-Ncold__s1__O-Ncold__0000（121/180）・232 秒
[bl3_run] 乙 SK|O-Ncold|prose stageB__SK__O-Ncold__s1__O-Ncold__0001（122/180）・235 秒
[bl3_run] 乙 SK|O-Ncold|prose stageB__SK__O-Ncold__s1__O-Ncold__0002（123/180）・238 秒
[bl3_run] 乙 SK|O-Ncold|prose stageB__SK__O-Ncold__s1__O-Ncold__0003（124/180）・240 秒
[bl3_run] 乙 SK|O-Ncold|prose stageB__SK__O-Ncold__s1__O-Ncold__0004（125/180）・244 秒
[bl3_run] 乙 SK|O-Ncold|prose stageB__SK__O-Ncold__s1__O-Ncold__0005（126/180）・247 秒
[bl3_run] 乙 SK|O-Ncold|prose stageB__SK__O-Ncold__s1__O-Ncold__0006（127/180）・250 秒
[bl3_run] 乙 SK|O-Ncold|prose stageB__SK__O-Ncold__s1__O-Ncold__0007（128/180）・253 秒
[bl3_run] 乙 SK|O-Ncold|prose stageB__SK__O-Ncold__s1__O-Ncold__0008（129/180）・256 秒
[bl3_run] 乙 SK|O-Ncold|prose stageB__SK__O-Ncold__s1__O-Ncold__0009（130/180）・259 秒
[bl3_run] 乙 SK|O-Ncold|prose stageB__SK__O-Ncold__s1__O-Ncold__0010（131/180）・262 秒
[bl3_run] 乙 SK|O-Ncold|prose stageB__SK__O-Ncold__s1__O-Ncold__0011（132/180）・265 秒
[bl3_run] 乙 SK|O-Ncold|prose stageB__SK__O-Ncold__s1__O-Ncold__0012（133/180）・268 秒
[bl3_run] 乙 SK|O-Ncold|prose stageB__SK__O-Ncold__s1__O-Ncold__0013（134/180）・271 秒
[bl3_run] 乙 SK|O-Ncold|prose stageB__SK__O-Ncold__s1__O-Ncold__0014（135/180）・277 秒
[bl3_run] 乙 SK|O-Ncold|prose stageB__SK__O-Ncold__s1__O-Ncold__0015（136/180）・281 秒
[bl3_run] 乙 SK|O-Ncold|prose stageB__SK__O-Ncold__s1__O-Ncold__0016（137/180）・284 秒
[bl3_run] 乙 SK|O-Ncold|prose stageB__SK__O-Ncold__s1__O-Ncold__0017（138/180）・288 秒
[bl3_run] 乙 SK|O-Ncold|prose stageB__SK__O-Ncold__s1__O-Ncold__0018（139/180）・291 秒
[bl3_run] 乙 SK|O-Ncold|prose stageB__SK__O-Ncold__s1__O-Ncold__0019（140/180）・296 秒
[bl3_run] 乙 S4|Onull|prose stageB__S4__Onull__s1__Onull__0000（141/180）・300 秒
[bl3_run] 乙 S4|Onull|prose stageB__S4__Onull__s1__Onull__0001（142/180）・302 秒
[bl3_run] 乙 S4|Onull|prose stageB__S4__Onull__s1__Onull__0002（143/180）・303 秒
[bl3_run] 乙 S4|Onull|prose stageB__S4__Onull__s1__Onull__0003（144/180）・305 秒
[bl3_run] 乙 S4|Onull|prose stageB__S4__Onull__s1__Onull__0004（145/180）・306 秒
[bl3_run] 乙 S4|Onull|prose stageB__S4__Onull__s1__Onull__0005（146/180）・308 秒
[bl3_run] 乙 S4|Onull|prose stageB__S4__Onull__s1__Onull__0006（147/180）・309 秒
[bl3_run] 乙 S4|Onull|prose stageB__S4__Onull__s1__Onull__0007（148/180）・311 秒
[bl3_run] 乙 S4|Onull|prose stageB__S4__Onull__s1__Onull__0008（149/180）・312 秒
[bl3_run] 乙 S4|Onull|prose stageB__S4__Onull__s1__Onull__0009（150/180）・314 秒
[bl3_run] 乙 S4|Onull|prose stageB__S4__Onull__s1__Onull__0010（151/180）・316 秒
[bl3_run] 乙 S4|Onull|prose stageB__S4__Onull__s1__Onull__0011（152/180）・317 秒
[bl3_run] 乙 S4|Onull|prose stageB__S4__Onull__s1__Onull__0012（153/180）・319 秒
[bl3_run] 乙 S4|Onull|prose stageB__S4__Onull__s1__Onull__0013（154/180）・321 秒
[bl3_run] 乙 S4|Onull|prose stageB__S4__Onull__s1__Onull__0014（155/180）・322 秒
[bl3_run] 乙 S4|Onull|prose stageB__S4__Onull__s1__Onull__0015（156/180）・323 秒
[bl3_run] 乙 S4|Onull|prose stageB__S4__Onull__s1__Onull__0016（157/180）・325 秒
[bl3_run] 乙 S4|Onull|prose stageB__S4__Onull__s1__Onull__0017（158/180）・326 秒
[bl3_run] 乙 S4|Onull|prose stageB__S4__Onull__s1__Onull__0018（159/180）・328 秒
[bl3_run] 乙 S4|Onull|prose stageB__S4__Onull__s1__Onull__0019（160/180）・329 秒
[bl3_run] 乙 S4|O-Ncold|prose stageB__S4__O-Ncold__s1__O-Ncold__0000（161/180）・331 秒
[bl3_run] 乙 S4|O-Ncold|prose stageB__S4__O-Ncold__s1__O-Ncold__0001（162/180）・333 秒
[bl3_run] 乙 S4|O-Ncold|prose stageB__S4__O-Ncold__s1__O-Ncold__0002（163/180）・336 秒
[bl3_run] 乙 S4|O-Ncold|prose stageB__S4__O-Ncold__s1__O-Ncold__0003（164/180）・340 秒
[bl3_run] 乙 S4|O-Ncold|prose stageB__S4__O-Ncold__s1__O-Ncold__0004（165/180）・343 秒
[bl3_run] 乙 S4|O-Ncold|prose stageB__S4__O-Ncold__s1__O-Ncold__0005（166/180）・346 秒
[bl3_run] 乙 S4|O-Ncold|prose stageB__S4__O-Ncold__s1__O-Ncold__0006（167/180）・349 秒
[bl3_run] 乙 S4|O-Ncold|prose stageB__S4__O-Ncold__s1__O-Ncold__0007（168/180）・353 秒
[bl3_run] 乙 S4|O-Ncold|prose stageB__S4__O-Ncold__s1__O-Ncold__0008（169/180）・356 秒
[bl3_run] 乙 S4|O-Ncold|prose stageB__S4__O-Ncold__s1__O-Ncold__0009（170/180）・359 秒
[bl3_run] 乙 S4|O-Ncold|prose stageB__S4__O-Ncold__s1__O-Ncold__0010（171/180）・364 秒
[bl3_run] 乙 S4|O-Ncold|prose stageB__S4__O-Ncold__s1__O-Ncold__0011（172/180）・366 秒
[bl3_run] 乙 S4|O-Ncold|prose stageB__S4__O-Ncold__s1__O-Ncold__0012（173/180）・370 秒
[bl3_run] 乙 S4|O-Ncold|prose stageB__S4__O-Ncold__s1__O-Ncold__0013（174/180）・373 秒
[bl3_run] 乙 S4|O-Ncold|prose stageB__S4__O-Ncold__s1__O-Ncold__0014（175/180）・375 秒
[bl3_run] 乙 S4|O-Ncold|prose stageB__S4__O-Ncold__s1__O-Ncold__0015（176/180）・378 秒
[bl3_run] 乙 S4|O-Ncold|prose stageB__S4__O-Ncold__s1__O-Ncold__0016（177/180）・381 秒
[bl3_run] 乙 S4|O-Ncold|prose stageB__S4__O-Ncold__s1__O-Ncold__0017（178/180）・384 秒
[bl3_run] 乙 S4|O-Ncold|prose stageB__S4__O-Ncold__s1__O-Ncold__0018（179/180）・387 秒
[bl3_run] 乙 S4|O-Ncold|prose stageB__S4__O-Ncold__s1__O-Ncold__0019（180/180）・390 秒
[boot_Bl3] secondary            423s {'contexts': 180, 'seconds': 394.6}
[boot_Bl3] packaged             423s {'tag': 'part-secondary', 'zip': 'main-20260926T132204Z-part-secondary.zip', 'sha256': '76FCBE74618968BD0EA9A8870800317563E8ECC0D89052A9B6FF2DED0DBBE1BA'}
