[boot_bprime] frozen                   0s {'checked': 113}
[boot_bprime] repo                     0s {'commit': 'aed71b23f3fd', 'canon': 'draft12-v6-2026-10-01', 'canon_sha16': '2C5FDDED89D659C0', 'out': '/content/op4b-Bprime/behavior-run-20261001T042902Z'}
[boot_bprime] versions                 0s {'versions': {'numpy': '2.1.3', 'scipy': '1.16.3', 'torch': '2.11.0+cu128', 'transformers': '5.16.1', 'tokenizers': '0.23.1', 'huggingface_hub': '1.29.0', 'jinja2': '3.1.6', 'safetensors': '0.8.0', 'accelerate': '1.14.0'}, 'gpu': 'NVIDIA RTX PRO 6000 Blackwell Server Edition'}
[boot_bprime] load                    40s {'seconds': 4.9, 'alloc_gib': 58.26}
[bprime_behavior] 升目 N1|O-Ncold バッチ 0（8 行）・42 秒・生成したトークン 3914
[bprime_behavior] 升目 N1|O-Ncold バッチ 1（8 行）・42 秒・生成したトークン 3814
[bprime_behavior] 升目 N1|O-Ncold バッチ 2（8 行）・42 秒・生成したトークン 3883
[bprime_behavior] 升目 N1|O-Ncold バッチ 3（8 行）・42 秒・生成したトークン 3991
[bprime_behavior] 升目 N1|O-Ncold バッチ 4（8 行）・44 秒・生成したトークン 3845
[bprime_behavior] 升目 N1|Onull バッチ 0（8 行）・32 秒・生成したトークン 3010
[bprime_behavior] 升目 N1|Onull バッチ 1（8 行）・31 秒・生成したトークン 3008
[bprime_behavior] 升目 N1|Onull バッチ 2（8 行）・33 秒・生成したトークン 2981
[bprime_behavior] 升目 N1|Onull バッチ 3（8 行）・31 秒・生成したトークン 3016
[bprime_behavior] 升目 N1|Onull バッチ 4（8 行）・32 秒・生成したトークン 2976
[bprime_behavior] 升目 S1|O-Ncold バッチ 0（8 行）・39 秒・生成したトークン 3656
[bprime_behavior] 升目 S1|O-Ncold バッチ 1（8 行）・38 秒・生成したトークン 3599
[bprime_behavior] 升目 S1|O-Ncold バッチ 2（8 行）・40 秒・生成したトークン 3842
[bprime_behavior] 升目 S1|O-Ncold バッチ 3（8 行）・39 秒・生成したトークン 3636
[bprime_behavior] 升目 S1|O-Ncold バッチ 4（8 行）・38 秒・生成したトークン 3487
[bprime_behavior] 升目 S1|Onull バッチ 0（8 行）・31 秒・生成したトークン 2960
[bprime_behavior] 升目 S1|Onull バッチ 1（8 行）・32 秒・生成したトークン 2895
[bprime_behavior] 升目 S1|Onull バッチ 2（8 行）・33 秒・生成したトークン 3125
[bprime_behavior] 升目 S1|Onull バッチ 3（8 行）・32 秒・生成したトークン 3018
[bprime_behavior] 升目 S1|Onull バッチ 4（8 行）・30 秒・生成したトークン 2845
[bprime_behavior] 升目 S4|O-Ncold バッチ 0（8 行）・51 秒・生成したトークン 3798
[bprime_behavior] 升目 S4|O-Ncold バッチ 1（8 行）・40 秒・生成したトークン 3612
[bprime_behavior] 升目 S4|O-Ncold バッチ 2（8 行）・39 秒・生成したトークン 3450
[bprime_behavior] 升目 S4|O-Ncold バッチ 3（8 行）・40 秒・生成したトークン 3724
[bprime_behavior] 升目 S4|O-Ncold バッチ 4（8 行）・47 秒・生成したトークン 3961
[bprime_behavior] 升目 S4|Onull バッチ 0（8 行）・33 秒・生成したトークン 3111
[bprime_behavior] 升目 S4|Onull バッチ 1（8 行）・31 秒・生成したトークン 2912
[bprime_behavior] 升目 S4|Onull バッチ 2（8 行）・34 秒・生成したトークン 3212
[bprime_behavior] 升目 S4|Onull バッチ 3（8 行）・29 秒・生成したトークン 2903
[bprime_behavior] 升目 S4|Onull バッチ 4（8 行）・31 秒・生成したトークン 3066
[bprime_behavior] 升目 SK|O-Ncold バッチ 0（8 行）・47 秒・生成したトークン 3762
[bprime_behavior] 升目 SK|O-Ncold バッチ 1（8 行）・39 秒・生成したトークン 3610
[bprime_behavior] 升目 SK|O-Ncold バッチ 2（8 行）・39 秒・生成したトークン 3526
[bprime_behavior] 升目 SK|O-Ncold バッチ 3（8 行）・46 秒・生成したトークン 3623
[bprime_behavior] 升目 SK|O-Ncold バッチ 4（8 行）・37 秒・生成したトークン 3454
[bprime_behavior] 升目 SK|Onull バッチ 0（8 行）・30 秒・生成したトークン 2925
[bprime_behavior] 升目 SK|Onull バッチ 1（8 行）・34 秒・生成したトークン 2958
[bprime_behavior] 升目 SK|Onull バッチ 2（8 行）・30 秒・生成したトークン 2930
[bprime_behavior] 升目 SK|Onull バッチ 3（8 行）・29 秒・生成したトークン 2733
[bprime_behavior] 升目 SK|Onull バッチ 4（8 行）・31 秒・生成したトークン 2909
[boot_bprime] behavior              1499s {'cells': 8, 'trials': 320, 'gen_ids_sha256': '510031253AFC0E3D'}
