bl3_recompute_rewrite v1 --dry  torch 2.9.1+cpu・transformers 4.57.3・numpy 2.4.2・注意の実装 sdpa
乱数の小さな模型: 次元 64・層 4・選んだ層の添字 1・係数 2.0・一段目の許容 independent_recompute.tol_stage1 = 0.001
行 sub:N1:O-Ncold-v~O-Ncold-vrand・升目 N1|O-Ncold（nuclear）・符号 -1・方向と符号 77 組（static 1・等方に見立てた 20・実在の差の名 28 本 × 両方の向き＝56）＋無操作
行 add:S1:Onull+v~Onull+vrand・升目 S1|Onull（survival）・符号 +1・方向と符号 77 組（static 1・等方に見立てた 20・実在の差の名 28 本 × 両方の向き＝56）＋無操作
残差の書き換えの道: 43.1 秒（順伝播 156 回）
フックの道: 51.8 秒
効き目の数 154・効き目の絶対値の最大（残差の書き換えの道）0.4261
差の絶対値の最大: 効き目 2.54e-07・無操作の量 6.72e-08
dry: 一段目の許容（0.001）の内（効き目の差の最大 2.54e-07）
（正本 independent_recompute.agreement の札の一致〔Holm の判定・裾・等方の外の行の側・二つ目の札〕は、この器では見ていない）
参考: 読み取りの float32 の丸めの目安（同じ最終の正規化の入力を float64 で読み直した量との差の最大・無操作と static・2 行）6.8e-08
参考: フックの道の後に走らせ直した残差の書き換えの道（無操作と static・2 行）が一度目と同じ（ビット単位）: 同じ
参考: use_cache=False の形の残差の書き換えの道（45.1 秒）——既定の形との差の最大 効き目 0・無操作 0／フックの道との差の最大 効き目 2.54e-07・無操作 6.72e-08
[歯] M0 誤らせない（対照）: フックの道との効き目の差の最大 1.29e-07（10 個の効き目）→ 許容の内（対照として期待どおり）（許容 0.001）
[歯] M1 帯の起点を主位置の一つ後にする: フックの道との効き目の差の最大 0.000344（10 個の効き目）→ 許容の内＝捕まえなかった（この模型での盲点）（許容 0.001）
[歯] M2 書き換える層を一つ後にする: フックの道との効き目の差の最大 0.00154（10 個の効き目）→ 許容の外＝捕まえた（許容 0.001）
[歯] M3 符号を反転する: フックの道との効き目の差の最大 0.565（10 個の効き目）→ 許容の外＝捕まえた（許容 0.001）
[歯] M4 係数を二度掛ける（sign×coef×coef×v）: フックの道との効き目の差の最大 0.000902（10 個の効き目）→ 許容の内＝捕まえなかった（この模型での盲点）（許容 0.001）
[歯] M5 読み取りで正規化を二度当てる: フックの道との効き目の差の最大 0.0459（10 個の効き目）→ 許容の外＝捕まえた（許容 0.001）
[歯] M6 読み取りを bf16 で当てる: フックの道との効き目の差の最大 0.000578（10 個の効き目）→ 許容の内＝捕まえなかった（この模型での盲点）（許容 0.001）
[歯] 変種の計算 16.1 秒（参考・判定に入れない）
柵: 本器のいかなる数値も AI の意識・意図・個性・魂・苦しみがある（またはない）ことの証拠として引用してはならない（両方向不定）。
